[
  {
    "type": "cargo",
    "name": "my-app",
    "version": "0.4.0",
    "parties": [],
    "dependencies": [
      {
        "purl": "pkg:cargo/helper@1.0.0",
        "extracted_requirement": "1.0.0",
        "scope": null,
        "is_runtime": null,
        "is_optional": null,
        "is_pinned": true,
        "is_direct": true
      },
      {
        "purl": "pkg:cargo/serde@1.0.228",
        "extracted_requirement": "1.0.228",
        "scope": null,
        "is_runtime": null,
        "is_optional": null,
        "is_pinned": true,
        "is_direct": true
      }
    ],
    "api_data_url": "https://crates.io/api/v1/crates/my-app/0.4.0",
    "datasource_id": "cargo_lock",
    "purl": "pkg:cargo/my-app@0.4.0"
  }
]
