[
  {
    "type": "hex",
    "namespace": null,
    "name": null,
    "version": null,
    "qualifiers": null,
    "subpath": null,
    "primary_language": "Erlang",
    "description": null,
    "release_date": null,
    "parties": [],
    "keywords": [],
    "homepage_url": null,
    "download_url": null,
    "size": null,
    "sha1": null,
    "md5": null,
    "sha256": null,
    "sha512": null,
    "bug_tracking_url": null,
    "code_view_url": null,
    "vcs_url": null,
    "copyright": null,
    "holder": null,
    "declared_license_expression": null,
    "declared_license_expression_spdx": null,
    "license_detections": [],
    "other_license_expression": null,
    "other_license_expression_spdx": null,
    "other_license_detections": [],
    "extracted_license_statement": null,
    "notice_text": null,
    "source_packages": [],
    "file_references": [],
    "is_private": false,
    "is_virtual": false,
    "extra_data": null,
    "dependencies": [
      {
        "purl": "pkg:hex/cowboy@2.10.0",
        "extracted_requirement": "2.10.0",
        "scope": "dependencies",
        "is_runtime": null,
        "is_optional": null,
        "is_pinned": true,
        "is_direct": null,
        "resolved_package": {
          "type": "hex",
          "namespace": "",
          "name": "cowboy",
          "version": "2.10.0",
          "qualifiers": null,
          "subpath": null,
          "primary_language": "Erlang",
          "description": null,
          "release_date": null,
          "parties": [],
          "keywords": [],
          "homepage_url": null,
          "download_url": null,
          "size": null,
          "sha1": null,
          "md5": null,
          "sha256": null,
          "sha512": null,
          "bug_tracking_url": null,
          "code_view_url": null,
          "vcs_url": null,
          "copyright": null,
          "holder": null,
          "declared_license_expression": null,
          "declared_license_expression_spdx": null,
          "license_detections": [],
          "other_license_expression": null,
          "other_license_expression_spdx": null,
          "other_license_detections": [],
          "extracted_license_statement": null,
          "notice_text": null,
          "source_packages": [],
          "file_references": [],
          "is_private": false,
          "is_virtual": true,
          "extra_data": null,
          "dependencies": [],
          "repository_homepage_url": "https://hex.pm/packages/cowboy",
          "repository_download_url": null,
          "api_data_url": "https://hex.pm/api/packages/cowboy",
          "datasource_id": "rebar_lock",
          "purl": "pkg:hex/cowboy@2.10.0"
        },
        "extra_data": null
      },
      {
        "purl": "pkg:hex/ranch@2.1.0",
        "extracted_requirement": "2.1.0",
        "scope": "dependencies",
        "is_runtime": null,
        "is_optional": null,
        "is_pinned": true,
        "is_direct": null,
        "resolved_package": {
          "type": "hex",
          "namespace": "",
          "name": "ranch",
          "version": "2.1.0",
          "qualifiers": null,
          "subpath": null,
          "primary_language": "Erlang",
          "description": null,
          "release_date": null,
          "parties": [],
          "keywords": [],
          "homepage_url": null,
          "download_url": null,
          "size": null,
          "sha1": null,
          "md5": null,
          "sha256": null,
          "sha512": null,
          "bug_tracking_url": null,
          "code_view_url": null,
          "vcs_url": null,
          "copyright": null,
          "holder": null,
          "declared_license_expression": null,
          "declared_license_expression_spdx": null,
          "license_detections": [],
          "other_license_expression": null,
          "other_license_expression_spdx": null,
          "other_license_detections": [],
          "extracted_license_statement": null,
          "notice_text": null,
          "source_packages": [],
          "file_references": [],
          "is_private": false,
          "is_virtual": true,
          "extra_data": null,
          "dependencies": [],
          "repository_homepage_url": "https://hex.pm/packages/ranch",
          "repository_download_url": null,
          "api_data_url": "https://hex.pm/api/packages/ranch",
          "datasource_id": "rebar_lock",
          "purl": "pkg:hex/ranch@2.1.0"
        },
        "extra_data": null
      }
    ],
    "repository_homepage_url": null,
    "repository_download_url": null,
    "api_data_url": null,
    "datasource_id": "rebar_lock",
    "purl": null
  }
]
